[    0.000000] Initializing cgroup subsys cpuset
[    0.000000] Initializing cgroup subsys cpu
[    0.000000] Initializing cgroup subsys cpuacct
[    0.000000] Linux version 4.4.0.oslab (root@oslab-VirtualBox) (gcc version 5.4.0 20160609 (Ubuntu 5.4.0-6ubuntu1~16.04.4) ) #5 SMP Sun Jun 11 05:38:14 KST 2017
[    0.000000] Command line: BOOT_IMAGE=/boot/vmlinuz-4.4.0.oslab root=UUID=fa1b9a66-50fe-4bd8-b1c0-dafc07408a86 ro quiet splash
[    0.000000] KERNEL supported cpus:
[    0.000000]   Intel GenuineIntel
[    0.000000]   AMD AuthenticAMD
[    0.000000]   Centaur CentaurHauls
[    0.000000] x86/fpu: xstate_offset[2]:  576, xstate_sizes[2]:  256
[    0.000000] x86/fpu: Supporting XSAVE feature 0x01: 'x87 floating point registers'
[    0.000000] x86/fpu: Supporting XSAVE feature 0x02: 'SSE registers'
[    0.000000] x86/fpu: Supporting XSAVE feature 0x04: 'AVX registers'
[    0.000000] x86/fpu: Enabled xstate features 0x7, context size is 832 bytes, using 'standard' format.
[    0.000000] x86/fpu: Using 'lazy' FPU context switches.
[    0.000000] e820: BIOS-provided physical RAM map:
[    0.000000] BIOS-e820: [mem 0x0000000000000000-0x000000000009fbff] usable
[    0.000000] BIOS-e820: [mem 0x000000000009fc00-0x000000000009ffff] reserved
[    0.000000] BIOS-e820: [mem 0x00000000000f0000-0x00000000000fffff] reserved
[    0.000000] BIOS-e820: [mem 0x0000000000100000-0x000000007ffeffff] usable
[    0.000000] BIOS-e820: [mem 0x000000007fff0000-0x000000007fffffff] ACPI data
[    0.000000] BIOS-e820: [mem 0x00000000fec00000-0x00000000fec00fff] reserved
[    0.000000] BIOS-e820: [mem 0x00000000fee00000-0x00000000fee00fff] reserved
[    0.000000] BIOS-e820: [mem 0x00000000fffc0000-0x00000000ffffffff] reserved
[    0.000000] NX (Execute Disable) protection: active
[    0.000000] SMBIOS 2.5 present.
[    0.000000] DMI: innotek GmbH VirtualBox/VirtualBox, BIOS VirtualBox 12/01/2006
[    0.000000] Hypervisor detected: KVM
[    0.000000] e820: update [mem 0x00000000-0x00000fff] usable ==> reserved
[    0.000000] e820: remove [mem 0x000a0000-0x000fffff] usable
[    0.000000] e820: last_pfn = 0x7fff0 max_arch_pfn = 0x400000000
[    0.000000] MTRR default type: uncachable
[    0.000000] MTRR variable ranges disabled:
[    0.000000] x86/PAT: Configuration [0-7]: WB  WC  UC- UC  WB  WC  UC- WT  
[    0.000000] MTRR: Disabled
[    0.000000] CPU MTRRs all blank - virtualized system.
[    0.000000] found SMP MP-table at [mem 0x0009fff0-0x0009ffff] mapped at [ffff88000009fff0]
[    0.000000] Scanning 1 areas for low memory corruption
[    0.000000] Base memory trampoline at [ffff880000099000] 99000 size 24576
[    0.000000] BRK [0x021fe000, 0x021fefff] PGTABLE
[    0.000000] BRK [0x021ff000, 0x021fffff] PGTABLE
[    0.000000] BRK [0x02200000, 0x02200fff] PGTABLE
[    0.000000] BRK [0x02201000, 0x02201fff] PGTABLE
[    0.000000] BRK [0x02202000, 0x02202fff] PGTABLE
[    0.000000] RAMDISK: [mem 0x33c20000-0x35e07fff]
[    0.000000] ACPI: Early table checksum verification disabled
[    0.000000] ACPI: RSDP 0x00000000000E0000 000024 (v02 VBOX  )
[    0.000000] ACPI: XSDT 0x000000007FFF0030 00003C (v01 VBOX   VBOXXSDT 00000001 ASL  00000061)
[    0.000000] ACPI: FACP 0x000000007FFF00F0 0000F4 (v04 VBOX   VBOXFACP 00000001 ASL  00000061)
[    0.000000] ACPI: DSDT 0x000000007FFF0480 00210F (v01 VBOX   VBOXBIOS 00000002 INTL 20100528)
[    0.000000] ACPI: FACS 0x000000007FFF0200 000040
[    0.000000] ACPI: FACS 0x000000007FFF0200 000040
[    0.000000] ACPI: APIC 0x000000007FFF0240 00006C (v02 VBOX   VBOXAPIC 00000001 ASL  00000061)
[    0.000000] ACPI: SSDT 0x000000007FFF02B0 0001CC (v01 VBOX   VBOXCPUT 00000002 INTL 20100528)
[    0.000000] ACPI: Local APIC address 0xfee00000
[    0.000000] No NUMA configuration found
[    0.000000] Faking a node at [mem 0x0000000000000000-0x000000007ffeffff]
[    0.000000] NODE_DATA(0) allocated [mem 0x7ffec000-0x7ffeffff]
[    0.000000] kvm-clock: Using msrs 4b564d01 and 4b564d00
[    0.000000] kvm-clock: cpu 0, msr 0:7ffe4001, primary cpu clock
[    0.000000] kvm-clock: using sched offset of 3766332247 cycles
[    0.000000] clocksource: kvm-clock: mask: 0xffffffffffffffff max_cycles: 0x1cd42e4dffb, max_idle_ns: 881590591483 ns
[    0.000000] Zone ranges:
[    0.000000]   DMA      [mem 0x0000000000001000-0x0000000000ffffff]
[    0.000000]   DMA32    [mem 0x0000000001000000-0x000000007ffeffff]
[    0.000000]   Normal   empty
[    0.000000] Movable zone start for each node
[    0.000000] Early memory node ranges
[    0.000000]   node   0: [mem 0x0000000000001000-0x000000000009efff]
[    0.000000]   node   0: [mem 0x0000000000100000-0x000000007ffeffff]
[    0.000000] Initmem setup node 0 [mem 0x0000000000001000-0x000000007ffeffff]
[    0.000000] On node 0 totalpages: 524174
[    0.000000]   DMA zone: 64 pages used for memmap
[    0.000000]   DMA zone: 21 pages reserved
[    0.000000]   DMA zone: 3998 pages, LIFO batch:0
[    0.000000]   DMA32 zone: 8128 pages used for memmap
[    0.000000]   DMA32 zone: 520176 pages, LIFO batch:31
[    0.000000] ACPI: PM-Timer IO Port: 0x4008
[    0.000000] ACPI: Local APIC address 0xfee00000
[    0.000000] IOAPIC[0]: apic_id 4, version 32, address 0xfec00000, GSI 0-23
[    0.000000] ACPI: INT_SRC_OVR (bus 0 bus_irq 0 global_irq 2 dfl dfl)
[    0.000000] ACPI: INT_SRC_OVR (bus 0 bus_irq 9 global_irq 9 high level)
[    0.000000] ACPI: IRQ0 used by override.
[    0.000000] ACPI: IRQ9 used by override.
[    0.000000] Using ACPI (MADT) for SMP configuration information
[    0.000000] smpboot: Allowing 4 CPUs, 0 hotplug CPUs
[    0.000000] PM: Registered nosave memory: [mem 0x00000000-0x00000fff]
[    0.000000] PM: Registered nosave memory: [mem 0x0009f000-0x0009ffff]
[    0.000000] PM: Registered nosave memory: [mem 0x000a0000-0x000effff]
[    0.000000] PM: Registered nosave memory: [mem 0x000f0000-0x000fffff]
[    0.000000] e820: [mem 0x80000000-0xfebfffff] available for PCI devices
[    0.000000] Booting paravirtualized kernel on KVM
[    0.000000] clocksource: refined-jiffies: mask: 0xffffffff max_cycles: 0xffffffff, max_idle_ns: 7645519600211568 ns
[    0.000000] setup_percpu: NR_CPUS:512 nr_cpumask_bits:512 nr_cpu_ids:4 nr_node_ids:1
[    0.000000] PERCPU: Embedded 33 pages/cpu @ffff88007fc00000 s97752 r8192 d29224 u524288
[    0.000000] pcpu-alloc: s97752 r8192 d29224 u524288 alloc=1*2097152
[    0.000000] pcpu-alloc: [0] 0 1 2 3 
[    0.000000] PV qspinlock hash table entries: 256 (order: 0, 4096 bytes)
[    0.000000] Built 1 zonelists in Node order, mobility grouping on.  Total pages: 515961
[    0.000000] Policy zone: DMA32
[    0.000000] Kernel command line: BOOT_IMAGE=/boot/vmlinuz-4.4.0.oslab root=UUID=fa1b9a66-50fe-4bd8-b1c0-dafc07408a86 ro quiet splash
[    0.000000] PID hash table entries: 4096 (order: 3, 32768 bytes)
[    0.000000] Calgary: detecting Calgary via BIOS EBDA area
[    0.000000] Calgary: Unable to locate Rio Grande table in EBDA - bailing!
[    0.000000] Memory: 2009844K/2096696K available (8224K kernel code, 1262K rwdata, 3928K rodata, 1460K init, 1324K bss, 86852K reserved, 0K cma-reserved)
[    0.000000] SLUB: HWalign=64, Order=0-3, MinObjects=0, CPUs=4, Nodes=1
[    0.000000] Hierarchical RCU implementation.
[    0.000000] 	Build-time adjustment of leaf fanout to 64.
[    0.000000] 	RCU restricting CPUs from NR_CPUS=512 to nr_cpu_ids=4.
[    0.000000] RCU: Adjusting geometry for rcu_fanout_leaf=64, nr_cpu_ids=4
[    0.000000] NR_IRQS:33024 nr_irqs:456 16
[    0.000000] Console: colour VGA+ 80x25
[    0.000000] console [tty0] enabled
[    0.000000] tsc: Detected 1995.380 MHz processor
[    0.065319] Calibrating delay loop (skipped) preset value.. 3990.76 BogoMIPS (lpj=7981520)
[    0.065323] pid_max: default: 32768 minimum: 301
[    0.065330] ACPI: Core revision 20150930
[    0.066638] ACPI: 2 ACPI AML tables successfully acquired and loaded
[    0.066659] Security Framework initialized
[    0.066661] Yama: becoming mindful.
[    0.066669] AppArmor: AppArmor initialized
[    0.068542] Dentry cache hash table entries: 262144 (order: 9, 2097152 bytes)
[    0.068981] Inode-cache hash table entries: 131072 (order: 8, 1048576 bytes)
[    0.069170] Mount-cache hash table entries: 4096 (order: 3, 32768 bytes)
[    0.069179] Mountpoint-cache hash table entries: 4096 (order: 3, 32768 bytes)
[    0.069406] Initializing cgroup subsys io
[    0.069411] Initializing cgroup subsys memory
[    0.069417] Initializing cgroup subsys devices
[    0.069421] Initializing cgroup subsys freezer
[    0.069424] Initializing cgroup subsys net_cls
[    0.069427] Initializing cgroup subsys perf_event
[    0.069429] Initializing cgroup subsys net_prio
[    0.069431] Initializing cgroup subsys hugetlb
[    0.071111] Initializing cgroup subsys pids
[    0.071223] CPU: Physical Processor ID: 0
[    0.071224] CPU: Processor Core ID: 0
[    0.072362] mce: CPU supports 0 MCE banks
[    0.072393] Last level iTLB entries: 4KB 64, 2MB 8, 4MB 8
[    0.072394] Last level dTLB entries: 4KB 64, 2MB 0, 4MB 0, 1GB 4
[    0.075073] Freeing SMP alternatives memory: 28K (ffffffff820aa000 - ffffffff820b1000)
[    0.086158] ftrace: allocating 31522 entries in 124 pages
[    0.141948] x2apic enabled
[    0.142302] Switched APIC routing to physical x2apic.
[    0.143808] ..TIMER: vector=0x30 apic1=0 pin1=2 apic2=-1 pin2=-1
[    0.253924] APIC calibration not consistent with PM-Timer: 103ms instead of 100ms
[    0.253928] APIC delta adjusted to PM-Timer: 6250394 (6500233)
[    0.254051] smpboot: CPU0: Intel(R) Core(TM) i3-5005U CPU @ 2.00GHz (family: 0x6, model: 0x3d, stepping: 0x4)
[    0.254091] Performance Events: unsupported p6 CPU model 61 no PMU driver, software events only.
[    0.254104] KVM setup paravirtual spinlock
[    0.254940] x86: Booting SMP configuration:
[    0.254942] .... node  #0, CPUs:      #1
[    0.255296] kvm-clock: cpu 1, msr 0:7ffe4041, secondary cpu clock
[    0.256559] mce: CPU supports 0 MCE banks
[    0.258685]  #2
[    0.259059] kvm-clock: cpu 2, msr 0:7ffe4081, secondary cpu clock
[    0.260318] mce: CPU supports 0 MCE banks
[    0.262746]  #3
[    0.262746] kvm-clock: cpu 3, msr 0:7ffe40c1, secondary cpu clock
[    0.264045] mce: CPU supports 0 MCE banks
[    0.266138] x86: Booted up 1 node, 4 CPUs
[    0.266143] smpboot: Total of 4 processors activated (15963.04 BogoMIPS)
[    0.266689] devtmpfs: initialized
[    0.270742] evm: security.selinux
[    0.270746] evm: security.SMACK64
[    0.270748] evm: security.SMACK64EXEC
[    0.270750] evm: security.SMACK64TRANSMUTE
[    0.270752] evm: security.SMACK64MMAP
[    0.270754] evm: security.ima
[    0.270756] evm: security.capability
[    0.271032] clocksource: jiffies: mask: 0xffffffff max_cycles: 0xffffffff, max_idle_ns: 7645041785100000 ns
[    0.271225] pinctrl core: initialized pinctrl subsystem
[    0.271385] RTC time:  4:46:41, date: 06/11/17
[    0.271692] NET: Registered protocol family 16
[    0.283321] cpuidle: using governor ladder
[    0.298959] cpuidle: using governor menu
[    0.298970] PCCT header not found.
[    0.299054] ACPI: bus type PCI registered
[    0.299056] acpiphp: ACPI Hot Plug PCI Controller Driver version: 0.5
[    0.299194] PCI: Using configuration type 1 for base access
[    0.312667] ACPI: Added _OSI(Module Device)
[    0.312671] ACPI: Added _OSI(Processor Device)
[    0.312673] ACPI: Added _OSI(3.0 _SCP Extensions)
[    0.312676] ACPI: Added _OSI(Processor Aggregator Device)
[    0.313646] ACPI: Executed 1 blocks of module-level executable AML code
[    0.316137] ACPI: Interpreter enabled
[    0.316142] ACPI Exception: AE_NOT_FOUND, While evaluating Sleep State [\_S1_] (20150930/hwxface-580)
[    0.316147] ACPI Exception: AE_NOT_FOUND, While evaluating Sleep State [\_S2_] (20150930/hwxface-580)
[    0.316150] ACPI Exception: AE_NOT_FOUND, While evaluating Sleep State [\_S3_] (20150930/hwxface-580)
[    0.316154] ACPI Exception: AE_NOT_FOUND, While evaluating Sleep State [\_S4_] (20150930/hwxface-580)
[    0.316160] ACPI: (supports S0 S5)
[    0.316161] ACPI: Using IOAPIC for interrupt routing
[    0.316342] PCI: Using host bridge windows from ACPI; if necessary, use "pci=nocrs" and report a bug
[    0.321174] ACPI: PCI Root Bridge [PCI0] (domain 0000 [bus 00-ff])
[    0.321180] acpi PNP0A03:00: _OSC: OS supports [ASPM ClockPM Segments MSI]
[    0.321185] acpi PNP0A03:00: _OSC failed (AE_NOT_FOUND); disabling ASPM
[    0.321193] acpi PNP0A03:00: fail to add MMCONFIG information, can't access extended PCI configuration space under this bridge.
[    0.321508] PCI host bridge to bus 0000:00
[    0.321511] pci_bus 0000:00: root bus resource [io  0x0000-0x0cf7 window]
[    0.321513] pci_bus 0000:00: root bus resource [io  0x0d00-0xffff window]
[    0.321516] pci_bus 0000:00: root bus resource [mem 0x000a0000-0x000bffff window]
[    0.321518] pci_bus 0000:00: root bus resource [mem 0x80000000-0xffdfffff window]
[    0.321520] pci_bus 0000:00: root bus resource [bus 00-ff]
[    0.321568] pci 0000:00:00.0: [8086:1237] type 00 class 0x060000
[    0.322253] pci 0000:00:01.0: [8086:7000] type 00 class 0x060100
[    0.323053] pci 0000:00:01.1: [8086:7111] type 00 class 0x01018a
[    0.323682] pci 0000:00:01.1: reg 0x20: [io  0xd000-0xd00f]
[    0.323939] pci 0000:00:01.1: legacy IDE quirk: reg 0x10: [io  0x01f0-0x01f7]
[    0.323941] pci 0000:00:01.1: legacy IDE quirk: reg 0x14: [io  0x03f6]
[    0.323943] pci 0000:00:01.1: legacy IDE quirk: reg 0x18: [io  0x0170-0x0177]
[    0.323945] pci 0000:00:01.1: legacy IDE quirk: reg 0x1c: [io  0x0376]
[    0.324185] pci 0000:00:02.0: [80ee:beef] type 00 class 0x030000
[    0.326368] pci 0000:00:02.0: reg 0x10: [mem 0xe0000000-0xe0ffffff pref]
[    0.341052] pci 0000:00:03.0: [8086:100e] type 00 class 0x020000
[    0.343092] pci 0000:00:03.0: reg 0x10: [mem 0xf0000000-0xf001ffff]
[    0.346801] pci 0000:00:03.0: reg 0x18: [io  0xd010-0xd017]
[    0.354500] pci 0000:00:04.0: [80ee:cafe] type 00 class 0x088000
[    0.356222] pci 0000:00:04.0: reg 0x10: [io  0xd020-0xd03f]
[    0.357902] pci 0000:00:04.0: reg 0x14: [mem 0xf0400000-0xf07fffff]
[    0.359554] pci 0000:00:04.0: reg 0x18: [mem 0xf0800000-0xf0803fff pref]
[    0.366517] pci 0000:00:05.0: [8086:2415] type 00 class 0x040100
[    0.366655] pci 0000:00:05.0: reg 0x10: [io  0xd100-0xd1ff]
[    0.366737] pci 0000:00:05.0: reg 0x14: [io  0xd200-0xd23f]
[    0.367525] pci 0000:00:06.0: [106b:003f] type 00 class 0x0c0310
[    0.369299] pci 0000:00:06.0: reg 0x10: [mem 0xf0804000-0xf0804fff]
[    0.379786] pci 0000:00:07.0: [8086:7113] type 00 class 0x068000
[    0.380386] pci 0000:00:07.0: quirk: [io  0x4000-0x403f] claimed by PIIX4 ACPI
[    0.380399] pci 0000:00:07.0: quirk: [io  0x4100-0x410f] claimed by PIIX4 SMB
[    0.380767] pci 0000:00:0d.0: [8086:2829] type 00 class 0x010601
[    0.382677] pci 0000:00:0d.0: reg 0x10: [io  0xd240-0xd247]
[    0.386334] pci 0000:00:0d.0: reg 0x18: [io  0xd250-0xd257]
[    0.389988] pci 0000:00:0d.0: reg 0x20: [io  0xd260-0xd26f]
[    0.391768] pci 0000:00:0d.0: reg 0x24: [mem 0xf0806000-0xf0807fff]
[    0.395319] ACPI: PCI Interrupt Link [LNKA] (IRQs 5 9 10 *11)
[    0.395574] ACPI: PCI Interrupt Link [LNKB] (IRQs 5 9 10 *11)
[    0.395672] ACPI: PCI Interrupt Link [LNKC] (IRQs 5 9 *10 11)
[    0.395769] ACPI: PCI Interrupt Link [LNKD] (IRQs 5 *9 10 11)
[    0.395916] ACPI: Enabled 2 GPEs in block 00 to 07
[    0.396141] vgaarb: setting as boot device: PCI:0000:00:02.0
[    0.396144] vgaarb: device added: PCI:0000:00:02.0,decodes=io+mem,owns=io+mem,locks=none
[    0.396146] vgaarb: loaded
[    0.396148] vgaarb: bridge control possible 0000:00:02.0
[    0.396384] SCSI subsystem initialized
[    0.396508] libata version 3.00 loaded.
[    0.396535] ACPI: bus type USB registered
[    0.396554] usbcore: registered new interface driver usbfs
[    0.396565] usbcore: registered new interface driver hub
[    0.396592] usbcore: registered new device driver usb
[    0.396920] PCI: Using ACPI for IRQ routing
[    0.396922] PCI: pci_cache_line_size set to 64 bytes
[    0.397143] e820: reserve RAM buffer [mem 0x0009fc00-0x0009ffff]
[    0.397146] e820: reserve RAM buffer [mem 0x7fff0000-0x7fffffff]
[    0.397276] NetLabel: Initializing
[    0.397277] NetLabel:  domain hash size = 128
[    0.397279] NetLabel:  protocols = UNLABELED CIPSOv4
[    0.397292] NetLabel:  unlabeled traffic allowed by default
[    0.397491] clocksource: Switched to clocksource kvm-clock
[    0.408161] AppArmor: AppArmor Filesystem Enabled
[    0.408231] pnp: PnP ACPI init
[    0.408306] pnp 00:00: Plug and Play ACPI device, IDs PNP0303 (active)
[    0.408386] pnp 00:01: Plug and Play ACPI device, IDs PNP0f03 (active)
[    0.409124] pnp: PnP ACPI: found 2 devices
[    0.419715] clocksource: acpi_pm: mask: 0xffffff max_cycles: 0xffffff, max_idle_ns: 2085701024 ns
[    0.419729] pci_bus 0000:00: resource 4 [io  0x0000-0x0cf7 window]
[    0.419732] pci_bus 0000:00: resource 5 [io  0x0d00-0xffff window]
[    0.419734] pci_bus 0000:00: resource 6 [mem 0x000a0000-0x000bffff window]
[    0.419736] pci_bus 0000:00: resource 7 [mem 0x80000000-0xffdfffff window]
[    0.419771] NET: Registered protocol family 2
[    0.419961] TCP established hash table entries: 16384 (order: 5, 131072 bytes)
[    0.420011] TCP bind hash table entries: 16384 (order: 6, 262144 bytes)
[    0.420041] TCP: Hash tables configured (established 16384 bind 16384)
[    0.420067] UDP hash table entries: 1024 (order: 3, 32768 bytes)
[    0.420075] UDP-Lite hash table entries: 1024 (order: 3, 32768 bytes)
[    0.421769] NET: Registered protocol family 1
[    0.421786] pci 0000:00:00.0: Limiting direct PCI/PCI transfers
[    0.421854] pci 0000:00:01.0: Activating ISA DMA hang workarounds
[    0.421890] pci 0000:00:02.0: Video device with shadowed ROM
[    0.422334] PCI: CLS 0 bytes, default 64
[    0.422391] Trying to unpack rootfs image as initramfs...
[    1.174958] Freeing initrd memory: 34720K (ffff880033c20000 - ffff880035e08000)
[    1.175076] platform rtc_cmos: registered platform RTC device (no PNP device found)
[    1.175099] RAPL PMU detected, API unit is 2^-32 Joules, 4 fixed counters 10737418240 ms ovfl timer
[    1.175100] hw unit of domain pp0-core 2^-0 Joules
[    1.175102] hw unit of domain package 2^-0 Joules
[    1.175103] hw unit of domain dram 2^-0 Joules
[    1.175104] hw unit of domain pp1-gpu 2^-0 Joules
[    1.175160] Scanning for low memory corruption every 60 seconds
[    1.175774] futex hash table entries: 1024 (order: 4, 65536 bytes)
[    1.175809] audit: initializing netlink subsys (disabled)
[    1.175824] audit: type=2000 audit(1497156406.777:1): initialized
[    1.176102] Initialise system trusted keyring
[    1.176394] HugeTLB registered 2 MB page size, pre-allocated 0 pages
[    1.185711] zbud: loaded
[    1.186013] VFS: Disk quotas dquot_6.6.0
[    1.186049] VFS: Dquot-cache hash table entries: 512 (order 0, 4096 bytes)
[    1.186337] squashfs: version 4.0 (2009/01/31) Phillip Lougher
[    1.186742] fuse init (API version 7.23)
[    1.186971] Key type big_key registered
[    1.191475] Key type asymmetric registered
[    1.191479] Asymmetric key parser 'x509' registered
[    1.191524] Block layer SCSI generic (bsg) driver version 0.4 loaded (major 249)
[    1.191627] io scheduler noop registered
[    1.191632] io scheduler deadline registered (default)
[    1.191676] io scheduler cfq registered
[    1.191780] pci_hotplug: PCI Hot Plug PCI Core version: 0.5
[    1.191787] pciehp: PCI Express Hot Plug Controller Driver version: 0.4
[    1.191826] intel_idle: does not run on family 6 model 61
[    1.191947] ACPI: AC Adapter [AC] (on-line)
[    1.192006] input: Power Button as /devices/LNXSYSTM:00/LNXPWRBN:00/input/input0
[    1.192010] ACPI: Power Button [PWRF]
[    1.192093] input: Sleep Button as /devices/LNXSYSTM:00/LNXSLPBN:00/input/input1
[    1.192096] ACPI: Sleep Button [SLPF]
[    1.192406] GHES: HEST is not enabled!
[    1.193220] ACPI: Battery Slot [BAT0] (battery present)
[    1.193297] Serial: 8250/16550 driver, 32 ports, IRQ sharing enabled
[    1.196596] Linux agpgart interface v0.103
[    1.201560] brd: module loaded
[    1.203867] loop: module loaded
[    1.203992] ata_piix 0000:00:01.1: version 2.13
[    1.204566] scsi host0: ata_piix
[    1.204725] scsi host1: ata_piix
[    1.204766] ata1: PATA max UDMA/33 cmd 0x1f0 ctl 0x3f6 bmdma 0xd000 irq 14
[    1.204768] ata2: PATA max UDMA/33 cmd 0x170 ctl 0x376 bmdma 0xd008 irq 15
[    1.204865] libphy: Fixed MDIO Bus: probed
[    1.204868] tun: Universal TUN/TAP device driver, 1.6
[    1.204869] tun: (C) 1999-2004 Max Krasnyansky <maxk@qualcomm.com>
[    1.205219] PPP generic driver version 2.4.2
[    1.205741] ehci_hcd: USB 2.0 'Enhanced' Host Controller (EHCI) Driver
[    1.205747] ehci-pci: EHCI PCI platform driver
[    1.205762] ehci-platform: EHCI generic platform driver
[    1.205774] ohci_hcd: USB 1.1 'Open' Host Controller (OHCI) Driver
[    1.205778] ohci-pci: OHCI PCI platform driver
[    1.206442] ohci-pci 0000:00:06.0: OHCI PCI host controller
[    1.206449] ohci-pci 0000:00:06.0: new USB bus registered, assigned bus number 1
[    1.206536] ohci-pci 0000:00:06.0: irq 22, io mem 0xf0804000
[    1.265944] usb usb1: New USB device found, idVendor=1d6b, idProduct=0001
[    1.265950] usb usb1: New USB device strings: Mfr=3, Product=2, SerialNumber=1
[    1.265953] usb usb1: Product: OHCI PCI host controller
[    1.265955] usb usb1: Manufacturer: Linux 4.4.0.oslab ohci_hcd
[    1.265956] usb usb1: SerialNumber: 0000:00:06.0
[    1.266197] hub 1-0:1.0: USB hub found
[    1.266213] hub 1-0:1.0: 12 ports detected
[    1.266650] ohci-platform: OHCI generic platform driver
[    1.266665] uhci_hcd: USB Universal Host Controller Interface driver
[    1.266729] i8042: PNP: PS/2 Controller [PNP0303:PS2K,PNP0f03:PS2M] at 0x60,0x64 irq 1,12
[    1.267473] serio: i8042 KBD port at 0x60,0x64 irq 1
[    1.267483] serio: i8042 AUX port at 0x60,0x64 irq 12
[    1.268049] mousedev: PS/2 mouse device common for all mice
[    1.268511] input: AT Translated Set 2 keyboard as /devices/platform/i8042/serio0/input/input2
[    1.269068] rtc_cmos rtc_cmos: rtc core: registered rtc_cmos as rtc0
[    1.269144] rtc_cmos rtc_cmos: alarms up to one day, 114 bytes nvram
[    1.269155] i2c /dev entries driver
[    1.269213] device-mapper: uevent: version 1.0.3
[    1.269368] device-mapper: ioctl: 4.34.0-ioctl (2015-10-28) initialised: dm-devel@redhat.com
[    1.269394] ledtrig-cpu: registered to indicate activity on CPUs
[    1.270311] NET: Registered protocol family 10
[    1.270598] NET: Registered protocol family 17
[    1.270613] Key type dns_resolver registered
[    1.270903] microcode: CPU0 sig=0x306d4, pf=0x40, revision=0x0
[    1.270944] microcode: CPU1 sig=0x306d4, pf=0x40, revision=0x0
[    1.271004] microcode: CPU2 sig=0x306d4, pf=0x40, revision=0x0
[    1.271044] microcode: CPU3 sig=0x306d4, pf=0x40, revision=0x0
[    1.271157] microcode: Microcode Update Driver: v2.01 <tigran@aivazian.fsnet.co.uk>, Peter Oruba
[    1.271629] registered taskstats version 1
[    1.271645] Loading compiled-in X.509 certificates
[    1.272540] Loaded X.509 cert 'Build time autogenerated kernel key: 61965630cf125e7d9e63c4c2ba9581164aeebe34'
[    1.272567] zswap: loaded using pool lzo/zbud
[    1.275254] Key type trusted registered
[    1.279956] Key type encrypted registered
[    1.279965] AppArmor: AppArmor sha1 policy hashing enabled
[    1.279969] ima: No TPM chip found, activating TPM-bypass!
[    1.279989] evm: HMAC attrs: 0x1
[    1.280499]   Magic number: 5:483:767
[    1.280635] rtc_cmos rtc_cmos: setting system clock to 2017-06-11 04:46:42 UTC (1497156402)
[    1.280844] BIOS EDD facility v0.16 2004-Jun-25, 0 devices found
[    1.280845] EDD information not available.
[    1.280906] PM: Hibernation image not present or could not be loaded.
[    1.364380] ata1.00: ATAPI: VBOX CD-ROM, 1.0, max UDMA/133
[    1.364883] ata2.00: ATAPI: VBOX CD-ROM, 1.0, max UDMA/133
[    1.365961] ata1.00: configured for UDMA/33
[    1.366171] ata2.00: configured for UDMA/33
[    1.367755] scsi 0:0:0:0: CD-ROM            VBOX     CD-ROM           1.0  PQ: 0 ANSI: 5
[    1.369177] sr 0:0:0:0: [sr0] scsi3-mmc drive: 32x/32x xa/form2 tray
[    1.369184] cdrom: Uniform CD-ROM driver Revision: 3.20
[    1.369648] sr 0:0:0:0: Attached scsi CD-ROM sr0
[    1.370452] sr 0:0:0:0: Attached scsi generic sg0 type 5
[    1.371735] scsi 1:0:0:0: CD-ROM            VBOX     CD-ROM           1.0  PQ: 0 ANSI: 5
[    1.379433] sr 1:0:0:0: [sr1] scsi3-mmc drive: 32x/32x xa/form2 tray
[    1.379919] sr 1:0:0:0: Attached scsi CD-ROM sr1
[    1.380386] sr 1:0:0:0: Attached scsi generic sg1 type 5
[    1.384489] Freeing unused kernel memory: 1460K (ffffffff81f3d000 - ffffffff820aa000)
[    1.384496] Write protecting the kernel read-only data: 14336k
[    1.386680] Freeing unused kernel memory: 2004K (ffff88000180b000 - ffff880001a00000)
[    1.388097] Freeing unused kernel memory: 168K (ffff880001dd6000 - ffff880001e00000)
[    1.402042] x86/mm: Checked W+X mappings: passed, no W+X pages found.
[    1.419291] random: systemd-udevd urandom read with 3 bits of entropy available
[    1.443310] ACPI: Video Device [GFX0] (multi-head: yes  rom: no  post: no)
[    1.443430] input: Video Bus as /devices/LNXSYSTM:00/LNXSYBUS:00/PNP0A03:00/LNXVIDEO:00/input/input4
[    1.446027] FUJITSU Extended Socket Network Device Driver - version 1.0 - Copyright (c) 2015 FUJITSU LIMITED
[    1.453305] e1000: Intel(R) PRO/1000 Network Driver - version 7.3.21-k8-NAPI
[    1.453309] e1000: Copyright (c) 1999-2006 Intel Corporation.
[    1.659807] input: ImExPS/2 Generic Explorer Mouse as /devices/platform/i8042/serio1/input/input5
[    1.693905] usb 1-1: new full-speed USB device number 2 using ohci-pci
[    1.880030] e1000 0000:00:03.0 eth0: (PCI:33MHz:32-bit) 08:00:27:0d:6f:7d
[    1.880041] e1000 0000:00:03.0 eth0: Intel(R) PRO/1000 Network Connection
[    1.880764] ahci 0000:00:0d.0: version 3.0
[    1.880901] ahci 0000:00:0d.0: SSS flag set, parallel bus scan disabled
[    1.881124] ahci 0000:00:0d.0: AHCI 0001.0100 32 slots 1 ports 3 Gbps 0x1 impl SATA mode
[    1.881127] ahci 0000:00:0d.0: flags: 64bit ncq stag only ccc 
[    1.882390] scsi host2: ahci
[    1.882536] ata3: SATA max UDMA/133 abar m8192@0xf0806000 port 0xf0806100 irq 21
[    1.883092] e1000 0000:00:03.0 enp0s3: renamed from eth0
[    1.986193] usb 1-1: New USB device found, idVendor=80ee, idProduct=0021
[    1.986198] usb 1-1: New USB device strings: Mfr=1, Product=3, SerialNumber=0
[    1.986202] usb 1-1: Product: USB Tablet
[    1.986205] usb 1-1: Manufacturer: VirtualBox
[    1.993376] hidraw: raw HID events driver (C) Jiri Kosina
[    2.009103] usbcore: registered new interface driver usbhid
[    2.009106] usbhid: USB HID core driver
[    2.016685] input: VirtualBox USB Tablet as /devices/pci0000:00/0000:00:06.0/usb1/1-1/1-1:1.0/0003:80EE:0021.0001/input/input6
[    2.017177] hid-generic 0003:80EE:0021.0001: input,hidraw0: USB HID v1.10 Mouse [VirtualBox USB Tablet] on usb-0000:00:06.0-1/input0
[    2.215722] tsc: Refined TSC clocksource calibration: 1994.222 MHz
[    2.215735] clocksource: tsc: mask: 0xffffffffffffffff max_cycles: 0x397db842af0, max_idle_ns: 881590472139 ns
[    2.466673] ata3: SATA link up 3.0 Gbps (SStatus 123 SControl 300)
[    2.467077] ata3.00: ATA-6: VBOX HARDDISK, 1.0, max UDMA/133
[    2.467085] ata3.00: 83886080 sectors, multi 128: LBA48 NCQ (depth 31/32)
[    2.467775] ata3.00: configured for UDMA/133
[    2.468345] scsi 2:0:0:0: Direct-Access     ATA      VBOX HARDDISK    1.0  PQ: 0 ANSI: 5
[    2.468814] sd 2:0:0:0: Attached scsi generic sg2 type 0
[    2.468852] sd 2:0:0:0: [sda] 83886080 512-byte logical blocks: (42.9 GB/40.0 GiB)
[    2.468939] sd 2:0:0:0: [sda] Write Protect is off
[    2.468946] sd 2:0:0:0: [sda] Mode Sense: 00 3a 00 00
[    2.468974] sd 2:0:0:0: [sda] Write cache: enabled, read cache: enabled, doesn't support DPO or FUA
[    2.471124]  sda: sda1 sda2 < sda5 >
[    2.472277] sd 2:0:0:0: [sda] Attached SCSI disk
[    4.478156] floppy0: no floppy controllers found
[    4.829521] EXT4-fs (sda1): mounted filesystem with ordered data mode. Opts: (null)
[    4.995450] systemd[1]: systemd 229 running in system mode. (+PAM +AUDIT +SELINUX +IMA +APPARMOR +SMACK +SYSVINIT +UTMP +LIBCRYPTSETUP +GCRYPT +GNUTLS +ACL +XZ -LZ4 +SECCOMP +BLKID +ELFUTILS +KMOD -IDN)
[    4.995492] systemd[1]: Detected virtualization oracle.
[    4.995496] systemd[1]: Detected architecture x86-64.
[    4.996070] systemd[1]: Set hostname to <oslab-VirtualBox>.
[    5.160021] systemd[1]: Reached target Encrypted Volumes.
[    5.160140] systemd[1]: Listening on udev Control Socket.
[    5.160155] systemd[1]: Reached target User and Group Name Lookups.
[    5.160187] systemd[1]: Listening on Journal Socket (/dev/log).
[    5.160207] systemd[1]: Listening on fsck to fsckd communication Socket.
[    5.160342] systemd[1]: Set up automount Arbitrary Executable File Formats File System Automount Point.
[    5.160484] systemd[1]: Created slice System Slice.
[    5.160510] systemd[1]: Reached target Remote File Systems (Pre).
[    5.160519] systemd[1]: Reached target Remote File Systems.
[    5.160547] systemd[1]: Listening on udev Kernel Socket.
[    5.160588] systemd[1]: Started Forward Password Requests to Wall Directory Watch.
[    5.160660] systemd[1]: Listening on Journal Audit Socket.
[    5.160692] systemd[1]: Listening on Syslog Socket.
[    5.160763] systemd[1]: Created slice User and Session Slice.
[    5.160773] systemd[1]: Reached target Slices.
[    5.160808] systemd[1]: Listening on Journal Socket.
[    5.170352] systemd[1]: Mounting POSIX Message Queue File System...
[    5.171076] systemd[1]: Starting Journal Service...
[    5.174856] systemd[1]: Starting Load Kernel Modules...
[    5.175729] systemd[1]: Starting Create list of required static device nodes for the current kernel...
[    5.176568] systemd[1]: Starting Uncomplicated firewall...
[    5.186294] systemd[1]: Mounting Debug File System...
[    5.187173] systemd[1]: Started Braille Device Support.
[    5.189839] systemd[1]: Starting Set console keymap...
[    5.190728] systemd[1]: Mounting Huge Pages File System...
[    5.196642] systemd[1]: Listening on /dev/initctl Compatibility Named Pipe.
[    5.210676] systemd[1]: Started Create list of required static device nodes for the current kernel.
[    5.220674] systemd[1]: Mounted POSIX Message Queue File System.
[    5.220763] systemd[1]: Mounted Debug File System.
[    5.220812] systemd[1]: Mounted Huge Pages File System.
[    5.222929] systemd[1]: Started Uncomplicated firewall.
[    5.239101] lp: driver loaded but no devices found
[    5.245174] ppdev: user-space parallel port driver
[    5.245178] systemd[1]: Started Journal Service.
[    5.390716] EXT4-fs (sda1): re-mounted. Opts: errors=remount-ro
[    5.431799] systemd-journald[250]: Received request to flush runtime journal from PID 1
[    5.597059] vboxguest: module verification failed: signature and/or required key missing - tainting kernel
[    5.645371] vgdrvHeartbeatInit: Setting up heartbeat to trigger every 2000 milliseconds
[    5.646676] piix4_smbus 0000:00:07.0: SMBus Host Controller at 0x4100, revision 0
[    5.672418] input: Unspecified device as /devices/pci0000:00/0000:00:04.0/input/input7
[    5.674051] vboxguest: misc device minor 55, IRQ 20, I/O port d020, MMIO at 00000000f0400000 (size 0x400000)
[    5.675151] vboxguest: Successfully loaded version 5.1.4 (interface 0x00010004)
[    5.723374] random: nonblocking pool is initialized
[    5.754852] [drm] Initialized drm 1.1.0 20060810
[    5.897932] [drm] VRAM 01000000
[    5.898713] [TTM] Zone  kernel: Available graphics memory: 1024112 kiB
[    5.898714] [TTM] Initializing pool allocator
[    5.898721] [TTM] Initializing DMA pool allocator
[    5.930318] AVX version of gcm_enc/dec engaged.
[    5.930319] AES CTR mode by8 optimization enabled
[    6.038045] fbcon: vboxdrmfb (fb0) is primary device
[    6.043314] intel_rapl: no valid rapl domains found in package 0
[    6.140701] Console: switching to colour frame buffer device 100x37
[    6.143301] vboxvideo 0000:00:02.0: fb0: vboxdrmfb frame buffer device
[    6.158332] [drm] Initialized vboxvideo 1.0.0 20130823 for 0000:00:02.0 on minor 0
[    6.161152] audit: type=1400 audit(1497156407.376:2): apparmor="STATUS" operation="profile_load" name="/sbin/dhclient" pid=544 comm="apparmor_parser"
[    6.161162] audit: type=1400 audit(1497156407.376:3): apparmor="STATUS" operation="profile_load" name="/usr/lib/NetworkManager/nm-dhcp-client.action" pid=544 comm="apparmor_parser"
[    6.161167] audit: type=1400 audit(1497156407.376:4): apparmor="STATUS" operation="profile_load" name="/usr/lib/NetworkManager/nm-dhcp-helper" pid=544 comm="apparmor_parser"
[    6.161173] audit: type=1400 audit(1497156407.376:5): apparmor="STATUS" operation="profile_load" name="/usr/lib/connman/scripts/dhclient-script" pid=544 comm="apparmor_parser"
[    6.164825] audit: type=1400 audit(1497156407.380:6): apparmor="STATUS" operation="profile_load" name="/usr/lib/lightdm/lightdm-guest-session" pid=543 comm="apparmor_parser"
[    6.164836] audit: type=1400 audit(1497156407.380:7): apparmor="STATUS" operation="profile_load" name="chromium" pid=543 comm="apparmor_parser"
[    6.176725] audit: type=1400 audit(1497156407.392:8): apparmor="STATUS" operation="profile_load" name="/usr/lib/snapd/snap-confine" pid=555 comm="apparmor_parser"
[    6.176736] audit: type=1400 audit(1497156407.392:9): apparmor="STATUS" operation="profile_load" name="mount-namespace-capture-helper" pid=555 comm="apparmor_parser"
[    6.178300] audit: type=1400 audit(1497156407.396:10): apparmor="STATUS" operation="profile_load" name="/usr/sbin/cups-browsed" pid=556 comm="apparmor_parser"
[    6.191863] intel_rapl: no valid rapl domains found in package 0
[    6.194901] audit: type=1400 audit(1497156407.412:11): apparmor="STATUS" operation="profile_load" name="/usr/sbin/ippusbxd" pid=560 comm="apparmor_parser"
[    6.203317] audit: type=1400 audit(1497156407.420:12): apparmor="STATUS" operation="profile_load" name="/usr/lib/cups/backend/cups-pdf" pid=559 comm="apparmor_parser"
[    6.203331] audit: type=1400 audit(1497156407.420:13): apparmor="STATUS" operation="profile_load" name="/usr/sbin/cupsd" pid=559 comm="apparmor_parser"
[    6.203337] audit: type=1400 audit(1497156407.420:14): apparmor="STATUS" operation="profile_load" name="third_party" pid=559 comm="apparmor_parser"
[    6.204924] audit: type=1400 audit(1497156407.420:15): apparmor="STATUS" operation="profile_load" name="webbrowser-app" pid=547 comm="apparmor_parser"
[    6.204935] audit: type=1400 audit(1497156407.420:16): apparmor="STATUS" operation="profile_load" name="oxide_helper" pid=547 comm="apparmor_parser"
[    6.207836] audit: type=1400 audit(1497156407.424:17): apparmor="STATUS" operation="profile_load" name="/usr/sbin/tcpdump" pid=565 comm="apparmor_parser"
[    6.219287] audit: type=1400 audit(1497156407.436:18): apparmor="STATUS" operation="profile_load" name="/usr/bin/evince" pid=545 comm="apparmor_parser"
[    6.219302] audit: type=1400 audit(1497156407.436:19): apparmor="STATUS" operation="profile_load" name="sanitized_helper" pid=545 comm="apparmor_parser"
[    6.252612] intel_rapl: no valid rapl domains found in package 0
[    6.253913] snd_intel8x0 0000:00:05.0: disable (unknown or VT-d) VM optimization
[    6.610219] Adding 2095100k swap on /dev/sda5.  Priority:-1 extents:1 across:2095100k FS
[    7.363970] snd_intel8x0 0000:00:05.0: white list rate for 1028:0177 is 48000
[    7.385701] vboxsf: Successfully loaded version 5.1.4 (interface 0x00010004)
[    8.294234] IPv6: ADDRCONF(NETDEV_UP): enp0s3: link is not ready
[    8.302563] e1000: enp0s3 NIC Link is Up 1000 Mbps Full Duplex, Flow Control: RX
[    8.305669] VBoxService 5.1.4 r110228 (verbosity: 0) linux.amd64 (Aug 16 2016 19:47:02) release log
               00:00:00.000124 main     Log opened 2017-06-11T04:46:49.524665000Z
[    8.306216] 00:00:00.000922 main     OS Product: Linux
[    8.306729] 00:00:00.001109 main     OS Release: 4.4.0.oslab
[    8.307476] 00:00:00.001616 main     OS Version: #5 SMP Sun Jun 11 05:38:14 KST 2017
[    8.307734] 00:00:00.002361 main     Executable: /opt/VBoxGuestAdditions-5.1.4/sbin/VBoxService
               00:00:00.002365 main     Process ID: 1148
               00:00:00.002367 main     Package type: LINUX_64BITS_GENERIC
[    8.312111] 00:00:00.006835 main     5.1.4 r110228 started. Verbose level = 0
[    8.327314] 00:00:00.022059 automount vbsvcAutoMountWorker: Shared folder 'OS_shared' was mounted to '/media/sf_OS_shared'
[    8.701806] floppy0: no floppy controllers found
[    8.701883] work still pending
[  307.799880] ISO 9660 Extensions: Microsoft Joliet Level 3
[  307.824776] ISO 9660 Extensions: RRIP_1991A
[  445.635507] sh (2532): drop_caches: 3
[  499.017415] Syscall : slower
[  499.017433] Syscall : faster
[  651.103422] sh (2542): drop_caches: 3
